The name of the new producer log file is Prod_ITEM.log
The buffer contents are ITEM0
The number of bytes written are 32
The buffer contents are ITEM1
The number of bytes written are 32
The buffer contents are ITEM2
The number of bytes written are 32
The buffer contents are ITEM3
The number of bytes written are 32
The buffer contents are ITEM4
The number of bytes written are 32
The buffer contents are ITEM5
The number of bytes written are 32
The buffer contents are ITEM6
The number of bytes written are 32
The buffer contents are ITEM7
The number of bytes written are 32
The buffer contents are ITEM8
The number of bytes written are 32
The buffer contents are ITEM9
The number of bytes written are 32
The buffer contents are ITEM10
The number of bytes written are 32
The buffer contents are ITEM11
The number of bytes written are 32
The buffer contents are ITEM12
The number of bytes written are 32
The buffer contents are ITEM13
The number of bytes written are 32
The buffer contents are ITEM14
The number of bytes written are 32
The buffer contents are ITEM15
The number of bytes written are 32
The buffer contents are ITEM16
The number of bytes written are 32
The buffer contents are ITEM17
The number of bytes written are 32
The buffer contents are ITEM18
The number of bytes written are 32
The buffer contents are ITEM19
The number of bytes written are 31
The buffer contents are ITEM20
The number of bytes written are 1
The buffer contents are ITEM21
The number of bytes written are 32
The buffer contents are ITEM22
The number of bytes written are 32
The buffer contents are ITEM23
The number of bytes written are 32
The buffer contents are ITEM24
The number of bytes written are 32
The buffer contents are ITEM25
The number of bytes written are 32
The buffer contents are ITEM26
The number of bytes written are 32
The buffer contents are ITEM27
The number of bytes written are 32
The buffer contents are ITEM28
The number of bytes written are 32
The buffer contents are ITEM29
The number of bytes written are 32
The buffer contents are ITEM30
The number of bytes written are 32
The buffer contents are ITEM31
The number of bytes written are 32
The buffer contents are ITEM32
The number of bytes written are 32
The buffer contents are ITEM33
The number of bytes written are 32
The buffer contents are ITEM34
The number of bytes written are 32
The buffer contents are ITEM35
The number of bytes written are 32
The buffer contents are ITEM36
The number of bytes written are 32
The buffer contents are ITEM37
The number of bytes written are 32
The buffer contents are ITEM38
The number of bytes written are 32
The buffer contents are ITEM39
The number of bytes written are 32
The buffer contents are ITEM40
The number of bytes written are 30
The buffer contents are ITEM41
The number of bytes written are 2
The buffer contents are ITEM42
The number of bytes written are 32
The buffer contents are ITEM43
The number of bytes written are 32
The buffer contents are ITEM44
The number of bytes written are 32
The buffer contents are ITEM45
The number of bytes written are 32
The buffer contents are ITEM46
The number of bytes written are 32
The buffer contents are ITEM47
The number of bytes written are 32
The buffer contents are ITEM48
The number of bytes written are 32
The buffer contents are ITEM49
The number of bytes written are 32
Before read call
The number of bytes read are 32
The buffer read is ITEM0
Before read call
The number of bytes read are 32
The buffer read is ITEM1
Before read call
The number of bytes read are 32
The buffer read is ITEM2
Before read call
The number of bytes read are 32
The buffer read is ITEM3
Before read call
The number of bytes read are 32
The buffer read is ITEM4
Before read call
The number of bytes read are 32
The buffer read is ITEM5
Before read call
The number of bytes read are 32
The buffer read is ITEM6
Before read call
The number of bytes read are 32
The buffer read is ITEM7
Before read call
The number of bytes read are 32
The buffer read is ITEM8
Before read call
The number of bytes read are 32
The buffer read is ITEM9
Before read call
The number of bytes read are 32
The buffer read is ITEM10
Before read call
The number of bytes read are 32
The buffer read is ITEM11
Before read call
The number of bytes read are 32
The buffer read is ITEM12
Before read call
The number of bytes read are 32
The buffer read is ITEM13
Before read call
The number of bytes read are 32
The buffer read is ITEM14
Before read call
The number of bytes read are 32
The buffer read is ITEM15
Before read call
The number of bytes read are 32
The buffer read is ITEM16
Before read call
The number of bytes read are 32
The buffer read is ITEM17
Before read call
The number of bytes read are 32
The buffer read is ITEM18
Before read call
The number of bytes read are 31
The buffer read is ITEM19
Before read call
The number of bytes read are 1
The buffer read is I
Before read call
The number of bytes read are 32
The buffer read is ITEM21
Before read call
The number of bytes read are 32
The buffer read is ITEM22
Before read call
The number of bytes read are 32
The buffer read is ITEM23
Before read call
The number of bytes read are 32
The buffer read is ITEM24
Before read call
The number of bytes read are 32
The buffer read is ITEM25
Before read call
The number of bytes read are 32
The buffer read is ITEM26
Before read call
The number of bytes read are 32
The buffer read is ITEM27
Before read call
The number of bytes read are 32
The buffer read is ITEM28
Before read call
The number of bytes read are 32
The buffer read is ITEM29
Before read call
The number of bytes read are 32
The buffer read is ITEM30
Before read call
The number of bytes read are 32
The buffer read is ITEM31
Before read call
The number of bytes read are 32
The buffer read is ITEM32
Before read call
The number of bytes read are 32
The buffer read is ITEM33
Before read call
The number of bytes read are 32
The buffer read is ITEM34
Before read call
The number of bytes read are 32
The buffer read is ITEM35
Before read call
The number of bytes read are 32
The buffer read is ITEM36
Before read call
The number of bytes read are 32
The buffer read is ITEM37
Before read call
The number of bytes read are 32
The buffer read is ITEM38
Before read call
The number of bytes read are 32
The buffer read is ITEM39
Before read call
The number of bytes read are 30
The buffer read is ITEM40
Before read call
The number of bytes read are 2
The buffer read is IT
Before read call
The number of bytes read are 32
The buffer read is ITEM42
Before read call
The number of bytes read are 32
The buffer read is ITEM43
Before read call
The number of bytes read are 32
The buffer read is ITEM44
Before read call
The number of bytes read are 32
The buffer read is ITEM45
Before read call
The number of bytes read are 32
The buffer read is ITEM46
Before read call
The number of bytes read are 32
The buffer read is ITEM47
Before read call
The number of bytes read are 32
The buffer read is ITEM48
Before read call
The number of bytes read are 32
The buffer read is ITEM49
