The name of the new producer log file is Prod_GREEN.log
The buffer contents are GREEN0
The number of bytes written are 32
The buffer contents are GREEN1
The number of bytes written are 32
The buffer contents are GREEN2
The number of bytes written are 32
The buffer contents are GREEN3
The number of bytes written are 32
The buffer contents are GREEN4
The number of bytes written are 32
The buffer contents are GREEN5
The number of bytes written are 32
The buffer contents are GREEN6
The number of bytes written are 32
The buffer contents are GREEN7
The number of bytes written are 32
The buffer contents are GREEN8
The number of bytes written are 32
The buffer contents are GREEN9
The number of bytes written are 32
The buffer contents are GREEN10
The number of bytes written are 32
The buffer contents are GREEN11
The number of bytes written are 32
The buffer contents are GREEN12
The number of bytes written are 32
The buffer contents are GREEN13
The number of bytes written are 32
The buffer contents are GREEN14
The number of bytes written are 32
The buffer contents are GREEN15
The number of bytes written are 32
The buffer contents are GREEN16
The number of bytes written are 32
The buffer contents are GREEN17
The number of bytes written are 32
The buffer contents are GREEN18
The number of bytes written are 32
The buffer contents are GREEN19
The number of bytes written are 31
The buffer contents are GREEN20
The number of bytes written are 1
The buffer contents are GREEN21
The number of bytes written are 32
The buffer contents are GREEN22
The number of bytes written are 32
The buffer contents are GREEN23
The number of bytes written are 32
The buffer contents are GREEN24
The number of bytes written are 32
The buffer contents are GREEN25
The number of bytes written are 32
The buffer contents are GREEN26
The number of bytes written are 32
The buffer contents are GREEN27
The number of bytes written are 32
The buffer contents are GREEN28
The number of bytes written are 32
The buffer contents are GREEN29
The number of bytes written are 32
The buffer contents are GREEN30
The number of bytes written are 32
The buffer contents are GREEN31
The number of bytes written are 32
The buffer contents are GREEN32
The number of bytes written are 32
The buffer contents are GREEN33
The number of bytes written are 32
The buffer contents are GREEN34
The number of bytes written are 32
The buffer contents are GREEN35
The number of bytes written are 32
The buffer contents are GREEN36
The number of bytes written are 32
The buffer contents are GREEN37
The number of bytes written are 32
The buffer contents are GREEN38
The number of bytes written are 32
The buffer contents are GREEN39
The number of bytes written are 32
The buffer contents are GREEN40
The number of bytes written are 32
The buffer contents are GREEN41
The number of bytes written are 32
The buffer contents are GREEN42
The number of bytes written are 32
The buffer contents are GREEN43
The number of bytes written are 32
The buffer contents are GREEN44
The number of bytes written are 32
The buffer contents are GREEN45
The number of bytes written are 31
The buffer contents are GREEN46
The number of bytes written are 32
The buffer contents are GREEN47
The number of bytes written are 32
The buffer contents are GREEN48
The number of bytes written are 32
The buffer contents are GREEN49
The number of bytes written are 32
