The name of the new producer log file is Prod_RED1_.log
The buffer contents are RED1_0
The number of bytes written are 32
The buffer contents are RED1_1
The number of bytes written are 32
The buffer contents are RED1_2
The number of bytes written are 32
The buffer contents are RED1_3
The number of bytes written are 32
The buffer contents are RED1_4
The number of bytes written are 32
The buffer contents are RED1_5
The number of bytes written are 32
The buffer contents are RED1_6
The number of bytes written are 32
The buffer contents are RED1_7
The number of bytes written are 32
The buffer contents are RED1_8
The number of bytes written are 32
The buffer contents are RED1_9
The number of bytes written are 32
The buffer contents are RED1_10
The number of bytes written are 32
The buffer contents are RED1_11
The number of bytes written are 32
The buffer contents are RED1_12
The number of bytes written are 32
The buffer contents are RED1_13
The number of bytes written are 32
The buffer contents are RED1_14
The number of bytes written are 32
The buffer contents are RED1_15
The number of bytes written are 32
The buffer contents are RED1_16
The number of bytes written are 32
The buffer contents are RED1_17
The number of bytes written are 32
The buffer contents are RED1_18
The number of bytes written are 32
The buffer contents are RED1_19
The number of bytes written are 31
The buffer contents are RED1_20
The number of bytes written are 1
The buffer contents are RED1_21
The number of bytes written are 31
The buffer contents are RED1_22
The number of bytes written are 32
The buffer contents are RED1_23
The number of bytes written are 32
The buffer contents are RED1_24
The number of bytes written are 32
The buffer contents are RED1_25
The number of bytes written are 32
The buffer contents are RED1_26
The number of bytes written are 31
The buffer contents are RED1_27
The number of bytes written are 31
The buffer contents are RED1_28
The number of bytes written are 32
The buffer contents are RED1_29
The number of bytes written are 32
The buffer contents are RED1_30
The number of bytes written are 32
The buffer contents are RED1_31
The number of bytes written are 32
The buffer contents are RED1_32
The number of bytes written are 32
The buffer contents are RED1_33
The number of bytes written are 1
The buffer contents are RED1_34
The number of bytes written are 32
The buffer contents are RED1_35
The number of bytes written are 32
The buffer contents are RED1_36
The number of bytes written are 32
The buffer contents are RED1_37
The number of bytes written are 32
The buffer contents are RED1_38
The number of bytes written are 32
The buffer contents are RED1_39
The number of bytes written are 32
The buffer contents are RED1_40
The number of bytes written are 32
The buffer contents are RED1_41
The number of bytes written are 32
The buffer contents are RED1_42
The number of bytes written are 32
The buffer contents are RED1_43
The number of bytes written are 32
The buffer contents are RED1_44
The number of bytes written are 32
The buffer contents are RED1_45
The number of bytes written are 32
The buffer contents are RED1_46
The number of bytes written are 32
The buffer contents are RED1_47
The number of bytes written are 32
The buffer contents are RED1_48
The number of bytes written are 32
The buffer contents are RED1_49
The number of bytes written are 32

The number of bytes read are 32
The buffer read is ED2_20
Before read call
The number of bytes read are 32
The buffer read is ED2_21
Before read call
The number of bytes read are 32
The buffer read is ED2_22
Before read call
The number of bytes read are 32
The buffer read is ED2_23
Before read call
The number of bytes read are 32
The buffer read is ED2_24
Before read call
The number of bytes read are 32
The buffer read is ED2_25
Before read call
The number of bytes read are 32
The buffer read is ED2_26
Before read call
The number of bytes read are 32
The buffer read is ED2_27
Before read call
The number of bytes read are 32
The buffer read is ED2_28
Before read call
The number of bytes read aThe name of the new producer log file is Prod_RED2_.log
The buffer contents are RED2_0
The number of bytes written are 32
The buffer contents are RED2_1
The number of bytes written are 32
The buffer contents are RED2_2
The number of bytes written are 32
The buffer contents are RED2_3
The number of bytes written are 32
The buffer contents are RED2_4
The number of bytes written are 32
The buffer contents are RED2_5
The number of bytes written are 32
The buffer contents are RED2_6
The number of bytes written are 32
The buffer contents are RED2_7
The number of bytes written are 32
The buffer contents are RED2_8
The number of bytes written are 32
The buffer contents are RED2_9
The number of bytes written are 32
The buffer contents are RED2_10
The number of bytes written are 32
The buffer contents are RED2_11
The number of bytes written are 32
The buffer contents are RED2_12
The number of bytes written are 32
The buffer contents are RED2_13
The number of bytes written are 32
The buffer contents are RED2_14
The number of bytes written are 32
The buffer contents are RED2_15
The number of bytes written are 1
The buffer contents are RED2_16
The number of bytes written are 32
The buffer contents are RED2_17
The number of bytes written are 32
The buffer contents are RED2_18
The number of bytes written are 32
The buffer contents are RED2_19
The number of bytes written are 32
The buffer contents are RED2_20
The number of bytes written are 32
The buffer contents are RED2_21
The number of bytes written are 32
The buffer contents are RED2_22
The number of bytes written are 32
The buffer contents are RED2_23
The number of bytes written are 32
The buffer contents are RED2_24
The number of bytes written are 32
The buffer contents are RED2_25
The number of bytes written are 32
The buffer contents are RED2_26
The number of bytes written are 32
The buffer contents are RED2_27
The number of bytes written are 32
The buffer contents are RED2_28
The number of bytes written are 32
The buffer contents are RED2_29
The number of bytes written are 32
The buffer contents are RED2_30
The number of bytes written are 32
The buffer contents are RED2_31
The number of bytes written are 32
The buffer contents are RED2_32
The number of bytes written are 32
The buffer contents are RED2_33
The number of bytes written are 32
The buffer contents are RED2_34
The number of bytes written are 32
The buffer contents are RED2_35
The number of bytes written are 1
The buffer contents are RED2_36
The number of bytes written are 32
The buffer contents are RED2_37
The number of bytes written are 32
The buffer contents are RED2_38
The number of bytes written are 32
The buffer contents are RED2_39
The number of bytes written are 32
The buffer contents are RED2_40
The number of bytes written are 32
The buffer contents are RED2_41
The number of bytes written are 32
The buffer contents are RED2_42
The number of bytes written are 32
The buffer contents are RED2_43
The number of bytes written are 32
The buffer contents are RED2_44
The number of bytes written are 32
The buffer contents are RED2_45
The number of bytes written are 32
The buffer contents are RED2_46
The number of bytes written are 32
The buffer contents are RED2_47
The number of bytes written are 32
The buffer contents are RED2_48
The number of bytes written are 32
The buffer contents are RED2_49
The number of bytes written are 32
