Before read call
The number of bytes read are 32
The buffer read is SOME0
Before read call
The number of bytes read are 32
The buffer read is SOME1
Before read call
The number of bytes read are 32
The buffer read is SOME2
Before read call
The number of bytes read are 32
The buffer read is SOME3
Before read call
The number of bytes read are 32
The buffer read is SOME4
Before read call
The number of bytes read are 32
The buffer read is SOME5
Before read call
The number of bytes read are 32
The buffer read is SOME6
Before read call
The number of bytes read are 32
The buffer read is SOME7
Before read call
The number of bytes read are 32
The buffer read is SOME8
Before read call
The number of bytes read are 32
The buffer read is SOME9
