The name of the new producer log file is Prod_BLACK.log
The buffer contents are BLACK0
The number of bytes written are 32
The buffer contents are BLACK1
The number of bytes written are 32
The buffer contents are BLACK2
The number of bytes written are 32
The buffer contents are BLACK3
The number of bytes written are 32
The buffer contents are BLACK4
The number of bytes written are 32
The buffer contents are BLACK5
The number of bytes written are 32
The buffer contents are BLACK6
The number of bytes written are 32
The buffer contents are BLACK7
The number of bytes written are 32
The buffer contents are BLACK8
The number of bytes written are 32
The buffer contents are BLACK9
The number of bytes written are 32
The buffer contents are BLACK10
The number of bytes written are 32
The buffer contents are BLACK11
The number of bytes written are 32
The buffer contents are BLACK12
The number of bytes written are 32
The buffer contents are BLACK13
The number of bytes written are 32
The buffer contents are BLACK14
The number of bytes written are 32
The buffer contents are BLACK15
The number of bytes written are 32
The buffer contents are BLACK16
The number of bytes written are 32
The buffer contents are BLACK17
The number of bytes written are 32
The buffer contents are BLACK18
The number of bytes written are 32
The buffer contents are BLACK19
The number of bytes written are 31
The buffer contents are BLACK20
The number of bytes written are 1
The buffer contents are BLACK21
The number of bytes written are 32
The buffer contents are BLACK22
The number of bytes written are 32
The buffer contents are BLACK23
The number of bytes written are 32
The buffer contents are BLACK24
The number of bytes written are 32
The buffer contents are BLACK25
The number of bytes written are 32
The buffer contents are BLACK26
The number of bytes written are 32
The buffer contents are BLACK27
The number of bytes written are 32
The buffer contents are BLACK28
The number of bytes written are 32
The buffer contents are BLACK29
The number of bytes written are 32
The buffer contents are BLACK30
The number of bytes written are 32
The buffer contents are BLACK31
The number of bytes written are 32
The buffer contents are BLACK32
The number of bytes written are 32
The buffer contents are BLACK33
The number of bytes written are 32
The buffer contents are BLACK34
The number of bytes written are 32
The buffer contents are BLACK35
The number of bytes written are 32
The buffer contents are BLACK36
The number of bytes written are 32
The buffer contents are BLACK37
The number of bytes written are 32
The buffer contents are BLACK38
The number of bytes written are 32
The buffer contents are BLACK39
The number of bytes written are 32
The buffer contents are BLACK40
The number of bytes written are 30
The buffer contents are BLACK41
The number of bytes written are 2
The buffer contents are BLACK42
The number of bytes written are 32
The buffer contents are BLACK43
The number of bytes written are 32
The buffer contents are BLACK44
The number of bytes written are 32
The buffer contents are BLACK45
The number of bytes written are 32
The buffer contents are BLACK46
The number of bytes written are 32
The buffer contents are BLACK47
The number of bytes written are 32
The buffer contents are BLACK48
The number of bytes written are 32
The buffer contents are BLACK49
The number of bytes written are 32
